¿Quieres jugar béisbol conmigo?
Limpiar los graneros.
El tamaño actual de las manadas se estima en 1.4 millones de animales.
La producción ecológica consiste en un sistema global de gestión agrícola y de producción de alimentos destinado al logro de una agricultura sostenible
Soy vegetariano
Traductor para Windows
Arly Velásquez, de México, obtuvo la posición número quince en el Super-G masculino sentado. Adam Hall, de Nueva Zelanda, finalizó en el puesto nueve en la categoría Super-G masculina.
Los compañeros de su equipo verán un mensaje traducido que usted enviado y el texto original adjunto.
Se registre en plataforma y obtenga la clave de API.
No soy muy bueno patinando.
Es común que en Rogaland y Agder se les llame hei, que quiere decir páramo sin árboles, usualmente cubierto de brezos.
Únicamente las mutaciones en células germinales se pueden transmitir a los niños, mientras que las que ocurren en otras partes pueden causar la muerte celular o cáncer.
Integración en applicaiones como iOS, Android, Windows, Mac que permite traducir fuera de línea.
Nunca se reducirán las tensiones impidiendo que las personas expresen sus ideas sobre religión y creencias.
Si bien Del Potro detentó una ventaja inicial en el segundo set, esto también quedó sujeto a desempate después de alcanzar el 6-6.
Las zonas tropicales del continente americano (Neotrópico), donde se ubica Costa Rica, albergan mayor diversidad de especies y ecosistemas y una gama más amplia de interacciones, en comparación con las otras regiones tropicales del mundo.
Puede ofrecerse por medio de tribunales superiores o de un tribunal especial de derechos humanos.
Por favor, hable despacio.
investigación científica.
¡Instale un asistente!
Numerosas especies exóticas son difíciles de hallar y es habitual que los parques impongan restricciones a la toma de fotografías con objetivos comerciales.
La atracción principal es una cascada, la más grande de varias en el parque.
Ten cuidado con el serrucho, por favor.
Si usted desea elevar el volumen al tocar el acordeón, debe utilizar los fuelles con más presión o velocidad.
En particular, se debe reconocer a los hombres que contribuyen a la igualdad de género.
Robin Uthappa obtuvo la mayor puntuación en entradas: 70 anotaciones con solo 41 bolas, al conectar 11 cuatros y 2 seises.
Las manifestaciones tuvieron lujar, además, en París; Sofía, Bulgaria; Vilnius, Lituania; Valetta, Malta; Tallin, Estonia y Edimburgo y Glasgow, Escocia.
La religión humana es más abierta que la religión divina
Solomon Lefschetz usó su idea de un lápiz Lefschetz para probar el teorema.
Habrá que arar la tierra antes de empezar a plantar
Si bien se han encontrado rastros de bipedestación en fósiles de Australopitecos de hace 4,2 a 3,9 millones de años, es posible que el Sahelanthropus haya caminado sobre dos patas hace 7 millones de años.
La batalla por Quebec fue el punto de inflexión en la guerra.
Servicio de Soporte
Las algas generan una sustancia neurotóxica capaz de inhabilitar los nervios, no solo de los peses, sino también de los seres humanos.
Ecuche, lea y comuníquese mediante la traducción a 108 idiomas
Por debajo, existen felinos de tamaño más moderado que se alimentan de presas medianas, desde conejos hasta antílopes y ciervos.
álgebra
El elemento del determinismo cultural se encontraba muy presente en el romanticismo, según estudiosos como Goether, Fichte y Schlegel.
El pez es rojo.
El marcador final indicó un triunfo por un punto, 21 a 20, terminando con la sucesión de 15 victorias consecutivas para los All Blacks.
A pesar de que actualmente la inflación se ha reducido al 2% anual, el recuerdo de la superinflación del pasado desanima a los inversores extranjeros.
Un terremoto masivo de magnitud 8.8 golpeó hoy las islas japonesas.
El bosque está lleno de criaturas peligrosas, que incluyen bestias, serpientes, insectos venenosos y demás.
La contaminación industrial y los pesticidas que llegan a los ríos son otros peligros potencialmente letales que el salmón, así como todas las demás criaturas acuáticas, deben combatir.
Los organizadores del proyecto calculan que podrán reducir el 85 por ciento de la deforestación de un área de 750.000 hectáreas de tierras en 30 años, y así evitar las emisiones de más de 3,3 millones de toneladas métricas anuales.
Ella ya sabe que estaba metido en algo chungo.
Aplique un hidratante de uso tópico, gel de aloe, crema de hidrocortisona o un calmante de uso tópico para el dolor en la piel quemada por el sol.
Cuando eche un buen vistazo a esta araña, verá que no hay nada que temer.
Estoy mezclando naranja, sandía y piña.
Como en todas las reservas naturales de Sudáfrica, existen tarifas diarias para la conservación y de acceso al parque.
Continúe la conversación.
No es posible que las recetas de la antigua Roma incluyeran alimentos que llegaron a Europa desde América o Asia siglos después.
Quiero todas las instalaciones de investigación
tribunal de apelación
Esperamos que los pandas se reproduzcan, aunque estos animales son muy exigentes con sus parejas.
Estoy batiendo los huevos para el desayuno.
¿Es posible que los seres humanos puedan producir tal sonido?
Oriente Medio es la cuna de la civilización.
¿Tiene preguntas?
Traductor para iOS
Los agricultores escogen cultivos y cultivares sobre la base de su conjunto especial de condiciones de producción y consumo.
Debido a lo bajo que se encuentra Black Beauty, fue difícil para la policía de Nueva Zelanda determinar con sus radares de velocidad cuán rápido iba el Sr. Reid y en el único momento en el que pudieron medir su tiempo fue cuando desaceleró a 160 km/h.
imprenta
La contaminación del suelo reduce rendimientos agropecuarios.
el proyecto de ley se hizo ley el 6 de agosto
dispositivo de seguimiento
Asimismo, el hallazgo permite comprender mejor la evolución de las plumas de las aves.
Idiomas y Regiones
En su interior, la Antártida consiste en una meseta desierta revestida por 2 a 3 kilómetros de hielo.
Se extendería por los siguientes 40 años y sería combatida de verdad, a través de milicias substitutas, en campos de batalla desde África hasta Asia, en Afganistán, Cuba, entre muchos otros sitios.
Nuestro nuevo vecino siempre está ahí cuando necesitamos ayuda con algo.
La princesa de Edimburgo.
No se trata, sin embargo, de una experimentación, es una prueba que se usa para descartar una o más de las posibles hipótesis, haciendo preguntas y observaciones que guían la investigación científica.
Las primeras computadoras electrónicas entraron en funcionamiento en 1945.
Mirando por la ventana, vi un arco iris
Estabilizadora de suelos con rotor mecánico para fresar y mezclar, para acoplar a un vehículo tractor.
Leo el periódico
La libertad de prensa alcanza niveles sin precedentes.
Todos forman parte de la sociedad y hacen uso de los sistemas de transporte; y casi todos se quejan de ellos.
La entrada al concierto cuesta más que la entrada al cine.
La robusta planta crece bien en una variedad de climas calientes, incluyendo áreas secas no utilizables para otros cultivos.
Estimular
Ayuda a resolver los problemas de viaje
Hagamos algo que nos distraiga.
Hoy en día, cuando los medios de comunicación ya han eliminado los límites, parece que la cabeza se ha reducido al tamaño de un iPhone.
Esta es la conclusión de un informe del Fondo Monetario Internacional con respecto a la estabilidad financiera global.
SIDA
El Grupo de Estudio de Irak elevó hoy su informe a las 12:00 GMT.
Los sensores de desplazamiento capacitivos se utilizan a menudo en las pruebas de la línea de montaje.
La temperatura corporal más baja reportada jamás sobrevivida por un ser humano fue de 70.
Necesitamos comprar otro balde de pintura.
Me acabo de enterar de que mi ex está saliendo con mi vecino y estoy realmente enojado.
El cartel no tuvo daños materiales, ya que la modificación se logró con el uso de lonas negras decoradas con signos de paz y corazones para transformar las «O» de modo tal que se vieran como «e» minúsculas.
Necesito dormir.
La paz y la estabilidad solo podrán alcanzarse mediante una solución global.
El alimento de las plantas se genera con la energía solar, gracias a la fotosíntesis. Además, ellas nos ofrecen sombra.
Existen numerosas estructuras oculares distintas; su complejidad varía en función de las necesidades del organismo.
llevar ante la justicia
En el ejercicio de la actividad editorial, está claro que la explotación primaria de la obra la constituye su edición y distribución en forma de libro.
La historia que narra la ópera francesa presentada por Camille Saint-Saens es la de un artista «cuya vida está prescrita por el amor, por las drogas y por Japón».
Puede escuchar la traducción recibida o el texto seleccionado
Los esfuerzos para hallar el lugar del accidente deben lidiar con el mal tiempo y el terreno escarpado.
Y hacemos esto porque realmente creemos que la tecnología del silicio actual se trata principalmente de una cultura del exceso.
Björn Håkansson entonces trabajaba a tiempo completo de analista en una azucarera.
pierna
Vivo con mi familia de acogida.
¿Dormiste bien?
ACCEDER A LA PLATAFORMA
El uso del patriotismo como espada o como escudo político es tan antiguo como la República.
Acoge con beneplácito la dimensión histórica y única de la celebración de la Copa Mundial de Fútbol de 2010 de la Fédération Internationale de Football Association en Sudáfrica, lo que marca la primera vez que ese importante acontecimiento deportivo tendrá lugar en el continente africano
Llame sin miedo
Los luchadores compañeros de Luna también le rindieron homenaje.
La savia de la mayoría de las especies de orquídeas vainilla que exuda de los tallos cortados o donde se cosechan los frijoles puede causar dermatitis si entra en contacto con la piel desnuda.
Lingvanex proporciona una traducción moderna y una extensión del diccionario con función de voz para 108 idiomas.
¿Se va de viaje?
Una vez terminados, los productos de la fábrica se llevaron al almacén para su almacenamiento.
Necesito cargar mi teléfono.
Mis hijos necesitan un médico.
Algunos establecimientos sirven bebidas espirituosas gratis. Aunque la embriaguez afecta el juicio y todo buen jugador sabe la importancia de mantenerse sobrio.
Un práctico catálogo de las expresiones de uso común.
Según los meteorólogos, hay altas probabilidades de que la tormenta, que se localiza a unas 645 mi (1040 km) al oeste del archipiélago de Cabo Verde, se disperse antes de representar una amenaza para cualquier zona terrestre.
Los campesinos se oponían a la construcción de un nuevo aeropuerto internacional en una zona fértil de Lombok.
Los países industriales requieren mucha mano de obra calificada.
El motor se detendrá cuando presione el botón.
edición especial
Un plato típico Hangi se prepara dentro de un hoyo caliente hecho en el suelo.
Por suerte, estoy bien, pero presencié una escena tétrica cuando la gente trataba de romper las ventanas para escapar.
Me he recuperado de Covid-19.
rastrillar
¿Cuántas leyes ha aprobado el gobierno este año?
abrir una cuenta bancaria
Alentar el desarrollo y la adopción de sistemas de cultivo y prácticas agrícolas adecuadas al entorno local
Mi perro no está vacunado.
Pese a que existe la posibilidad de que escuche el término de la boca de los groenlandeses, quienes vienen de otros países deben evitar usarla.
El Islam comenzó en Arabia
El complemento de traductor y diccionario de Lingvanex es una potente herramienta para traducir palabras o frases a 108 de los idiomas admitidos.
En la floristería puedes encontrar plantas de interior, de exterior y otros productos especializados
Se deleitan mutuamente con historias de sus ciudades natales, narradas con sus distintos acentos y su jerga local.
La capital de Moldavia es Chişinău. Su lengua regional es el rumano, aunque el ruso también es muy hablado.
Es prácticamente imposible cambiar dinero de las Islas Malvinas fuera del archipiélago, por ello, procure hacerlo antes de marcharse.
En 2010, cuando ya había sido nacionalizado, el hoy en día banco principal, Northern Rock plc, se separó del «banco malo», Northern Rock (Gestión de Activos).
Para escuchar tus mejores canciones entre amigas!
Quiero una entrada de piedra para mi casa.
Vamos a levantarnos.
Al igual que otros tipos de dingos, las hembras cantoras de Nueva Guinea entran en celo una vez al año, en lugar de dos veces al año normalmente asociadas con las razas de perros domésticos.
Mi perro no tiene microchip.
llamar la atención sobre
En las notas utilizaba palabras que algunos padres creían que eran groseras y, de acuerdo a los informes, utilizó además malas palabras durante la clase.
¿Dónde puedo matricularme?
Mi vecino está plantando césped nuevo en su jardín.
campo de refugiados
Cuatro esquiadoras de la categoría sentadas no lograron completar sus carreras y un total de 45 participantes de 117 del Slalom Gigante no alcanzaron la clasificación en la carrera.
Nuestro equipo ayudará a implementar.
Es igual de desgastante que si despertara cada veinte minutos o media hora y mirara la televisión.
En cada episodio, además, se brindaba información sobre libros que recomendaban que los niños leyeran cuando visitaran una biblioteca.
decisión del tribunal
Exactamente a las 8:46 a. m., la ciudad se volvió silencio, marcando el preciso instante en el que el primer avión alcanzó su objetivo.
Mantuvieron un activo debate sobre si se me debe permitir hacer mi investigación
Muchos aldeanos son agricultores que crían animales de alpaca para obtener lana.
Fue un médico e investigador científico llamado Raymond Damadian quien, en el año 1970, descubrió las bases para la utilización de la resonancia magnética por imágenes como instrumento para elaborar diagnósticos médicos.
El león es un mamífero que vive en el centro y el sur de África.
El primero fue el slalom, en el que obtuvo un «No Terminó la primera carrera», al igual que 36 de los 116 participantes de esa carrera.
Animales de zoológico
algoritmo
Obtenga un intérprite personal y un profesor de idiomas dentro de su casa
la industria minorista hace el cincuenta por ciento de su negocio.
«Al instalar un circuito cerrado de televisión, de seguro se estará enviando un mensaje contundente a aquellos que trabajan con animales de que su bienestar es de prioridad capital».
Mi delegación enfatiza el derecho del pueblo palestino a resistir la ocupación.
Transcripción ilimitada es disponible en 19 idiomas (Alemán, Árabe, Catalán, Chino Simplificado, Español, Francés, Griego, Inglés, Italiano, Japonés, Kazajo, Persa, Portugués, Ruso, Sueco, Tagalo, Turco, Ucraniano y Vietnamita)
SOLICITAR UNA DEMOSTRACIÓN
Lo siento, ¿una vez más?
Ahora, estas plantas han evolucionado muy lejos del continente y dentro de ecosistemas específicos.
Aplicaciones
Las autoridades informaron que se programó un evento formal de aniversario para otra fecha posterior.
Los desechos radiactivos y los relaves de las industrias de extracción y procesamiento de uranio son un problema particular en los países con una industria nuclear.
Soy un
LA PIGMENTACIÓN DEL CABELLO ESTÁ CONTROLADA POR LA HORMONA PROLACTINA Y LA GENÉTICA DEL COLOR
JUGAR
La crisis actual ha sido comparada con el inicio de la Gran Depresión.
Originalmente, el programa contó con actores de doblaje aficionados, locales del este de Tejas.
¿De qué altura debería ser ese muro?
Según una transcripción de la rueda de prensa, él dijo «que ella era muy bonita y que, además, cantaba bastante bien».
Desaparecieron una gran cantidad de cultivos cosechados por lo menos en siete granjas, y dos bombas de agua.
La mejor traducción en su clase basada en la inteligencia artificial.
Mi hermano hace boxeo y es muy bueno.
Un muy buen periódico
No siempre se precisa un yate en los archipiélagos y lagos.
Agroindustria
Si viaja a las regiones árticas o antárticas en época invernal, vivirá la experiencia de la noche polar, que significa que el sol no se alza por encima del horizonte.
El cisne blanco, el ganso y el pato nadan
Arquitectura neuronal personalizada para mezclar rendimineto y calidad
El 24 de mayo es el Día de la Escritura y la Cultura Eslavas
Con el propósito de obtener fácilmente su leche, pelo, carne y cuero, los pueblos y tribus antiguos empezaron a quedarse con ellos.
Radioelectrónica
Comencemos explicando los planes de Italia. Fundamentalmente, Italia era el «hermano menor» de Alemania y Japón.
Asunto: Derecho a que fallo condenatorio sea sometido a un tribunal superior
A diferencia de los carretes de cine y las fotografías antiguas, las cintas de video eran fáciles de almacenar, copiar y distribuir.
música clásica
alergia
Voy a enfermar.
El tipo Pureland es un origami en el que solo se permite realizar pliegue a la vez, no se pueden hacer aquellos que son más complejos, como los inversos, y todos tienen ubicaciones sencillas.
No use ninguna medicina parar la diarrea salvo que su médico se lo haya indicado.
La provisión de riego durante todo el año aumentará la productividad agrícola.
Mi perro está herido.
Con la aplicación de tradución Lingvanex puede traducir textos, sitios, voz, archivos, aprender idiomas y usar diccionarios.
Se cree que Allen, de las personas más pudientes del globo, ha invertido buena parte de su fortuna en exploraciones marinas y el motivo de encarar la búsqueda de los Musashi fue el interés que siempre tuvo en la guerra.
Obtención de la representación fonética de la lengua hablada por escrito.
Cada nación en cada región tiene ahora una decisión que tomar.
Cada vez que hacíamos un ensayo de esto, me conmovía desde lo más profundo de mi alma.
La agencia de manejo de emergencias de las Marianas del Norte indicó que no hubo registro de daños en el territorio nacional.
En el pasado, las partes actuales de Bélgica pertenecían a Luxemburgo, pero, tras la Revolución belga de la década de 1830, se volvieron belgas.
Es imposible que una nación perdone jamás un acto tan horrible.
Se espera que el juicio atraiga una considerable cobertura de los medios debido a la naturaleza de los cargos.
Los campesinos estaban sembrando arroz.
¿La pena de muerte es compatible con la proscripción del castigo cruel e inusual?
Rápidamente, agentes munidos con equipos antidisturbios ingresaron al patio y abatieron a los presidiarios con gases lacrimógenos.
La Turquía europea (Tracia Oriental o Rumelia, en la península de los Balcanes) comprende el 3 % del país.
La semana pasada, Naked News (Noticias al desnudo) hizo saber públicamente que elevaría radicalmente su mandato de idioma internacional para comunicar noticias, a cuyo fin incorporará tres nuevas transmisiones.
Mi perro es muy lindo.
A estos niños les gusta bailar al ritmo de la música, cantar canciones, correr y hacer que otros niños y su maestra participen en el juego.
No tengo móvil.
Mochilero en esquí: también conocido como esquí de zona rural, de travesía o senderismo en esquí.
Equilibre las decisiones que usted toma en el trabajo con el aspecto que tendrían en los titulares del periódico de mañana.
Victoria Falls es una ciudad en el oeste de Zimbabwe, pasando la frontera con Livingstone, Zambia, y cercana a Botswana.
La evaporación del agua, (debida al calor), la densidad atmosférica y la capa de ozono ofrecen un filtro UVB natural.
LA NATURALEZA PUEDE DESTRUIR UN MEDIO AMBIENTE SIN LA AYUDA DE LA VIDA INTELIGENTE.
Su uso principal es la protección duradera de superficies metálicas o cementosas contra sustancias químicas extremadamente agresivas como ácidos, lejías o disolventes, inclusoa temperaturas elevadas.
El dióxido de carbono es un ingrediente vital en la fotosíntesis, el proceso mediante el cual las plantas verdes se alimentan por sí mismas.
¿Te importaría darme tu receta de pastel de chocolate?
El término 'efecto invernadero' se usa a menudo cuando la gente habla sobre los cambios climáticos globales en la actualidad.
Si su orquídea tiene hojas amarillentas, significa que se colocó en un lugar inapropiado.
¿Te gusta ir al cine o prefieres mirar televisión en casa?
La transferencia de armas está penada por el Código Penal andorrano.
Los valles y las áreas planas estaban llenas de campos con cultivos.
El CO2 se combina con H2O para formar ácido carbónico (H2CO3).
El ataque sometió a una intensa presión a los vínculos entre India y Pakistán.
Consulte a un electricista para asegurar que todas las especificaciones eléctricas han sido cumplidas y la unidad esta adecuadamente conectada a tierra.
Traducciones ilimitadas, hasta 300 compañeros de equipo
Esta concentración del poder convenía a las necesidades de un dictador que quiso dominar, en lugar de servir, a la gente de Irak.
Podemos observar que adición y multiplicación no están en la misma orden en la creación de la decena: 30 y 50 usan el patrón 10+y*20, mientras 70 y 90 usan el patrón y*20+10.
Sí, pero no llevo la medicación conmigo.
Mi abuelo murió en la Segunda Guerra Mundial.
papeles del trabajo
Sami tuvo la oportunidad de volver a encarrilar su vida.
La cultura y la gente japonesas son realmente únicas.
rueda de prensa
MUCHOS ANIMALES CAMBIAN SU PELAJE PARA EL INVIERNO
Descargar para Windows
Las autoridades de numerosos países exigen la vacunación contra distintas enfermedades a los viajeros que ingresan o a los residentes que salen.
sistema de sonido
Aquí está mi cartera.
Preferiría una habitación separada.
Del total del agua proveniente de los ríos del mundo que desemboca en los océanos, el 20 por ciento deriva del Amazonas.
Bueno, debemos orar en el nombre de Jesús.
Él seleccionó tres temas de discusión - Relaciones humanas, ética en el trabajo y ética en la familia.
Obtenga una traducción rápida
25 Día Internacional para la Eliminación de la Violencia contra las Mujeres (ONU).
Con anterioridad, el director ejecutivo de Ring, Jamie Siminoff, mencionó que la compañía había iniciado a raíz de que el timbre de su entrada no podía oírse desde la tienda que tenía montada en su garaje.
Por segunda vez en un mes, hubo un poderoso terremoto en México.
No se puede matar al dragón con armas ordinarias.
Producto obtenido químicamente que se compone de oxicloruro de cobre [Cu2 Cl(OH)3 ] como ingrediente esencial
También contaban con sanitarios en el antiguo Egipto, Persia y China. En la civilización romana, los baños públicos tenían retretes y algunos eran compartidos por hombres y mujeres.
¡Hemos creado las condiciones perfectas para el aprendizaje de un idioma extranjera!
negociar
El medicamento alivia el dolor causado por la inflamación.
izquierda
música pop
La carretera (o autopista) de McMurdo al Polo Sur es un camino de 1600 km desde la base McMurdo, en el mar de Ross, hasta el Polo.
A diferencia de los caracoles, las babosas no tienen caparazón.
¡Obtenga Todos los Traductores!
La colonización cambió las culturas
Un albañil, que está relacionado pero es diferente de un albañil, es un artesano y comerciante que pone ladrillos para construir ladrillos.
Los protones y neutrones son más pesados que los electrones y se hallan en el centro del átomo, llamado núcleo.
AÑADIR A SLACK
El río Amazonas es el más caudaloso y el segundo más extenso del planeta. Contiene 8 veces más agua que el río que le sigue en tamaño.
Gridley o Stark incrustaron una estaca a unos 100 pies (30 metros) por delante de la valla y dieron la orden de que nadie abriera fuego hasta que el ejército regular la sobrepasaran.
Debe ser un buen atleta para correr una milla en tan poco tiempo.
Quiero dormir.
Estoy herido.
Industria médica
El primer libro del que se tiene conocimiento fue redactado en sánscrito. Después de la compilación de Upanishads, este idioma sencillamente desapareció, por cuestiones de jerarquía.
El cuerpo humano es asombrosamente complejo.
Probar el SDK de Traducción para iOS, Android, Windows, Mac GRATIS.
Importamos granos de Canadá todos los años.
Después de eso, Lakkha Singh pasó al frente para cantar los bhajans.
Me gustaría una casa de ladrillos
Análisis de Negocios
Hillary Clinton nació y se crió en los suburbios de Chicago y se convirtió en la primera mujer en representar a un partido político importante en las elecciones generales de la presidencia de Estados Unidos.
Oso y León: Safari-Zoo de Ramat-Gan, Tel Aviv.
Fred es el ciclón tropical más agresivo que se ha registrado hasta el sur y el este del Atlántico desde la llegada de las imágenes satelitales y solo el tercer gran huracán detectado al este del meridiano 35° O.
Con el apoyo de Armenia, se formó una nueva república, aunque no es una nación establecida. Ni siquiera cuenta con el reconocimiento oficial del gobierno armenio.
SERVICIOS DE SOPORTE
Madagascar es, por mucho, la más grande y un continente en sí mismo si hablamos de vida silvestre.
Pudimos ver el reflejo de las montañas en el lago.
UN PARTIDO POLÍTICO
No cierres la puerta.
Está hecho de papel, fibra de madera, celulosa.
Mujeres: Se aconseja que todas las visitantes femeninas digan estar casadas, sin importar cuál sea su estado civil real.
¿Se puede tocar a los animales?
La sinagoga aparece en servicio a principios de 1300.
La Revolución Francesa y la Revolución Americana son tan opuestas la una de la otra como el día y la noche
$49/mes
Esta vida nómada fomentó diversas habilidades, como trabajar los metales, comerciar y divertirse.
El autobús iba al Six Flags St. Louis, Misuri, para que la banda tocara frente a una multitud que había agotado los boletos.
Muchos sacrificios eran realizados en favor de pecadores arrepentidos que habían confesado sus peca dos.
Mi padre tiene un caballo y practica equitación.
Ya es tiempo de pintar las paredes.
La competencia de este tribunal está limitada a casos penales.
Mi perro necesita comida.
Si reservó sus vuelos y el alojamiento para 2020 antes del anuncio del aplazamiento, es posible que surjan complicaciones.
Puedes regresar en el juego cuando otro participante del juego salta sobre ti.
Conversaciones en cualquer Idioma
Ningún material de campaña debe tergiversar la verdad, ofender indebidamente o presentar opiniones como hechos.
Mary midió dos tazas de arroz para la receta.
Traduce a tráves de AirPods
"¿Tiene una "carta verde" para el coche?"
La tormenta Felicia, que tiempo antes había alcanzado la cuarta categoría en la escala de huracanes de Saffir-Simpson, se redujo a una depresión tropical antes de desvanecerse el día martes.
Una gota de frambuesa y limón adornada con frambuesa, twist de cáscara de limón y caramelo de roca.
Se han hecho varias estimaciones acerca del número de hablantes del hindi. Se calcula que está entre el segundo y cuarto idioma que más cantidad de personas hablan en el planeta.
Las neuronas del cerebro se comunican a través de señales eléctricas, que influyen en la química del cerebro y contribuyen al estado de ánimo y al comportamiento.
Usar el destornillador correcto facilita tu trabajo.
Mi amigo analiza el mercado financiero.
Aviones fabricados en la línea de montaje de Boeing Everett Factory.
El tamaño de los átomos es tan impresionantemente diminuto que el punto final de esta oración podría contener billones de ellos.
Estudio de Datos
Todos los animales de granja se deben tratar con cuidado y respeto.
DIRECTOR EJECUTIVO DE KAZTRIX
agrícola
era
Traductor de teclado le auyudará a comunicarse sin fronteras en cualquier messenger.
¿Contiene
Continúa el amargo divorcio entre Ucrania y Rusia.
¿Cuántos blocks necesitamos para ese muro?
escalera
Jaguar Land Rover fabrica automóviles Land Rover en plantas de cinco países.
No es tan fácil como lograr que lo editen en un periódico.
El inicio del programa tuvo lugar a las 8:30 p. m. hora local (15:00 UTC).
Es similar a lo que sucede al rodar un carro pesado en ascenso por una colina. Al dividir el núcleo una vez más, libera parte de esa energía.
No me siento seguro.
¿Fue parte de tu mecanismo de explosión?
Me gusta mucho jugar básquetbol.
Permita a los equipos globales romper las barreras lingüísticas
Otra desventaja de las lentes con zum es que la máxima apertura (la velocidad) de la lente es, por lo general, más reducida.
Es preciso contar con un permiso de travesía para poder acampar por debajo del borde del Gran Cañón.
El club fue establecido en 1989 por John Spinks, miembro del West Essex Cricket Club, para brindar a los miembros del club de cricket un pasatiempo de invierno
Una alianza política.
industria siderúrgica
Podemos percibir que el sistema de acogida familiar proporciona un ámbito seguro para estos niños.
Finalista de AI Challenge
Un software que parece tener todas las características es Traductor de Lingvanex, una aplicación de idiomas que realmente te ayuda a entender los idiomas instantáneamente, no importa cuál sea su origen.
El médico especializado en medicina física y rehabilitación recibe el nombre de fisiatra.
Guerras mundiales
¡Qué calma y tranquilidad comunica un arco iris después de una tormenta!
El secreto de su éxito es el concepto de nicho: cada felino tiene una función particular, que evita que compita con otros.
Permite que los alumnos trabajen a su propio ritmo y controlen el de la información instructiva.
El torneo más importante del año tiene lugar en diciembre en los campos de polo de Las Cañitas.
Esta aplicación de traducción avergonza a Traductor de Google.
hay una ley para el rico y otra para el pobre
El Renacimiento es la base de la cultura europea moderna
¡Llamen a la policía!
Complemento de Opera
Cuidado: los bares de los pequeños pueblos de este lugar no siempre son una buena opción para pasar el rato para el viajero proveniente otro país.
Quiero afeitarme.
Pocos años después de la llegada de los exploradores europeos, los conquistadores españoles redujeron la población de Taíno de manera significativa.
Cocinar amplió enormemente la gama de alimentos disponibles para nosotros.
Cada uno de estos desmadres o marchas errantes dura aproximadamente 17 días.
regar
Intex Technologies es una empresa india de fabricación de teléfonos inteligentes, electrónica de consumo y accesorios, fundada en 1996.
De hecho, les decimos a los ciudadanos estadounidenses que, cuando paguen su deuda con la sociedad, aún se les negará la ciudadanía.
Decidió utilizar contenido reciclado de la fabricación de cemento y acero.
¿Adónde debo ir?
China no es una economía nacional sino una base para las exportaciones al mercado mundial.
Luego de enfrentar contratiempos militares iniciales, Etelredo logró arribar a un acuerdo con Olaf, quien volvió a Noruega para intentar ganar su reino, con resultados dispares.
Y ha estado aquí desde tiempos prehistóricos
Correr
echar comida a los animales
Este avión no tiene electrónica
¿Dónde puedo comprar billetes?
Aún intentan establecer cuán importante fue el impacto y de qué modo afectará al planeta.
cometer un pecado
Animales tan inusuales como un canguro o un oso koala son originarios de Australia.
Ayuda en la comunicación con los amigos en el extranjero
Cierto sábado Jesús asiste al culto en una sinagoga de la localidad.
Se disputan dieciocho hoyos durante una ronda regular y, por lo general, los jugadores comienzan por el primero del campo y terminan en el decimoctavo.
barreno
Mi padre dedicó su vida a la defensa de los derechos humanos.
La invención de la rueda de radios convirtió a los carros asirios en vehículos más livianos, veloces y mejor preparados para dejar atrás a los soldados y otros carros.
Todo ello ha colocado al sector avícola en una situación sumamente delicada y la Unión Europea no está adoptando las medidas adecuadas para ayudar al sector.
No obstante, en la actualidad existen artistas del grafiti reconocidos, se celebran eventos de esta disciplina y hay muros «legales». En este contexto, las pinturas de grafiti pueden, con frecuencia, asemejarse más a obras de arte que a etiquetas ilegibles.
Este museo muestra una fascinante colección de objetos celtas.
Aun así, sin perjuicio de su descubrimiento, las tribus esquimales ya habitaban el lugar para ese entonces.
Pantanos, junglas, ríos, moscas, pulgas, escarabajos, insectos, serpientes.
No dude en ponerse en contacto con nosotros si tiene algunas preguntas técnicas.
Este es el sitio que los conquistadores británicos adoptaron como propio. Por ello, si desea ver pruebas del pasado colonial de esta región, es un sitio conveniente por dónde empezar.
Haga una petición y después pause.
juego de mesa
El poder de explosión se ejerce sobre el pistón y a través de la biela y el cigüeñal a través de la transmisión desde allí a las ruedas traseras.
la maldad inigualable del Holocausto
La comida se guarda en la despensa
Por favor, llame a un médico.
Tom saltó del acantilado al río de abajo.
Ahorro de Coste
El fuerte golpe del disparo de la pistola resonó ensordecedor en el estrecho tocho.
Una serie de tres videojuegos de acción rítmica desarrollados por Dingo Inc.
Johnson está en la segunda posición con 2243 puntos, siete puntos abajo.
En ciertos ferrocarriles transfronterizos, se realizan inspecciones dentro del tren en movimiento, por lo que usted debe tener una identificación válida al abordar uno de ellos.
Tienes hermosas flores
Una red de intercambio de alojamiento consiste en una organización que conecta a los viajeros con los residentes de los destinos que visitarán.
En efecto, los códigos de región no inciden en modo alguno sobre las copias ilícitas. Una réplica idéntica de un disco se reproducirá sin problemas en los mismos dispositivos que el original.
Las plantas deben estar en un lugar bien iluminado para someterse a la fotosíntesis.
API
Cuando le pide a los niños que vuelen como un águila o que se estiren como una cobra les muestra fotos para que sepan qué animal tienen que imitar.
En definitiva, no debería causarnos sorpresa si nuestros propios predecesores resolvían sus «problemas proteicos» del mismo modo que los chimpancés de la sabana en la actualidad.
Mi gato es grande.
Cuando se lanza un nuevo dispositivo electrónico, todos se vuelven locos.
No me importa el cristianismo, el islam u otras religiones, ya que han sido manipuladas y ya no dicen la verdad sobre la naturaleza real de este mundo.
El clima severo puede darse en cualquier punto del planeta y existen diferentes tipos en función de la geografía, topografía y condiciones atmosféricas.
Necesito las llaves.
Debemos ajustarnos a las costumbres de la sociedad.
Perder en los Juegos Olímpicos de Río aplastó el ego del atleta.
agujero negro
Traducción de alta calidad basada en redes neuronales con significado de diccionario.
copistería
Luego se envía el mineral a los molinos de bolas, que muelen la roca hasta la consistencia de un polvo fino.
Producto Interno Bruto
Traduzca mensajes de sus compañeros de equipo con un solo ‘clic'
Nadie está por encima de la ley.
Si ha visto el filme Tesoro Nacional, quizás crea que un mapa del tesoro fue trazado en el dorso de la Declaración de la Independencia.
Es hora de trabajar.
Está investigando en sociología.
También disponible para MacOS e iOS, Android
Necesita un ordenador con Sistema Operativo Ubuntu, 4 Core CPU, 16GB RAM y 100GB HDD.
Traducción automática de habla
Si no la letra, sí el espíritu del mercado único se se ha hecho pedazos.
Demasiado guay para ser su amiga.
La moda es una forma de fealdad tan intolerable que tenemos que modificarla cada seis meses.
En el cuerpo humano, encontramos: cabello, frente, ojos, oídos, nariz, boca, mandíbula, mejillas, barba, dientes, lengua, etc.
Diga alguna frase y después pause.
Negocios con extranjeros se vuelven más fáciles.
Traducción a 112 idiomas en cualquier messenger.
Se puede ahorrar dinero comprando mapas nuevos para GPS, un dispositivo GPS independiente, o también rentar uno en cualquier agencia de alquiler de automóviles.
estación de autobuses
Asimismo, recuerde que los olores atraen a los osos y a otros animales salvajes, por lo que debe evitar tener o cocinar alimentos que liberen mucho aroma y mantenga la limpieza en el campamento.
Estados Unidos afirma haber recibido información de una fuente, que no ha desvelado, que señala de forma específica el uso de terroristas suicidas para bombardear «importantes puntos de referencia» en Etiopía y Kenia.
Redes Sociales
cortar el césped
El imperio romano se había progresivamente extendido con la conquista de nuevas provincias.
Industria petroquímica.
Es hora de comer.
La funcionalidad familiar fue un factor fuertemente asociado con la depresión (X2=18,171, p&lt;0,001).
El gobierno en Camboya se caracteriza por la violencia política, intimidación
Liggins siguió el mismo camino que su padre y comenzó a estudiar medicina.
Agradecemos muchísimo a los gobiernos de Belarús, Rusia y Ucrania su orientación.
Hemos señalado que la tasa de inflación media en la zona del euro es del 4 %.
Los manifestantes de Sri Lanka, decepcionados con la elección del nuevo presidente.
Las cataratas del Niágara se encuentran más al sur y el norte aloja a la belleza natural sin explotar de Muskoka y la extensión que le sigue.
Un dominio emoji es un nombre de dominio con un emoji en él, por ejemplo www.😉.tld.
El espectáculo de luces y el sonido piramidal son una de las cosas más interesantes para los niños en la zona.
Deja que la cebolla se enfríe en la nevera durante 30 minutos antes de picarla.
Necesito una botella de agua.
El complemento de traducción Сhrome le permite escuchar la traducción o el texto original en 108 idiomas.
No quiero conducir sola.
El atleta brasileño Thiago Da Silva ganó la medalla de oro en el salto con pértiga olímpico y estableció un récord olímpico.
Me pasas los cuchillos por favor.
En una escala del uno al diez, ¿qué intensidad tiene tu dolor?
¿Toma algún medicamento?
Si hicieron un envío por flete aéreo, en algunas rutas pueden haberse demorado días en la descarga y la aduana.
Diccionarios y Libro de Frases en su iPhone
Tengo que repasar cintas para la rueda de prensa de mañana.
Sembrar semillas.
aparcamiento gratuito
Las personas que van a la iglesia aparentemente creen en la existencia de dios.
Las agencias de viajes han existido desde el siglo XIX. Por lo general, un agente de viajes es una buena opción para casos en que el viajero no cuenta con experiencia previa en cuestiones como la naturaleza, la cultura, el idioma o los países de bajos ingresos.
Más de un viajero estable y capaz se ha visto superado por las novedades que involucran los viajes a países en vías de desarrollo, donde muchos pequeños ajustes culturales pueden acumularse con rapidez.
Y sigue siendo la oportunidad más realista que podemos aprovechar para hacer los progresos que la comunidad internacional ha buscado durante más de una década.
Durante la guerra por la independencia que encaró el movimiento Mau, un encuentro pacífico en la ciudad tuvo como saldo el asesinato del jefe de estado Tupua Tamasese Lealofi III.
No tengo pasaporte internacional.
Vamos a
109 Idiomas y Función de Transcripción
No obstante, debido a la lentitud de los canales de comunicación, los estilos occidentales podrían llevar un retraso de unos 25 a 30 años.
Llame a todo el mundo en 30 idiomas populares
El auge de las redes sociales significa que no solo los diseñadores deciden los últimos looks de moda.
Traducciones ilimitadas, hasta 50 compañeros de equipo
Si bien Winfrey lloró en su despedida, les aclaró a sus fanáticos que regresará.
El día de ayer, Martelly juró en un nuevo Consejo Electoral Provisional (CEP, por sus siglas en inglés) de nueve miembros.
La revista fue diseñada en estilo romántico y hermoso color pastel combo.
Su petición debe ser por escrito y proveer razón para la enmienda.
«Si se empieza a comercializar, deberíamos tenerla. Es decir, en principio, no hay reparos en contra de la energía nuclear», comentó Costello.
Aunque crecí en una granja, no sé mucho sobre agricultura
Varios países también han presentado iniciativas para insuflar nueva vida al programa mundial sobre desarme.
Esto es posible gracias a los numerosos turistas que acuden a su galería de arte, ubicada en la plaza del pueblo.
Esto hace que las lentes con zoom económicas no sean fáciles de utilizar en condiciones de poca luz o sin flash.
música rock
ser respetuoso con el medio ambiente
La libertad ilimitada significaría anarquía en la sociedad.
La cantidad de dinero adicional en el que el agricultor incurrió para mantener el mismo nivel de productividad es una medida de los costos externos que soporta por causa de la contaminación.
Ayuda al aprendizaje de idiomas
Una persona en prisión preventiva tiene derecho a solicitar la libertad condicional, sujeta a control judicial o bajo fianza.
JAPÓN ES UNA DE LAS MAYORES POTENCIAS ECONÓMICAS DEL MUNDO.
Cuando esto se haya establecido, podría terminar la libertad.
Hay un estanque en medio del parque.
En general, aquello que se comunica por escrito es más sencillo de comprender que lo que se dice de forma oral. Claro ejemplo de ello es el caso de las direcciones, que muchas veces son difíciles de pronunciar de manera que se entienda.
Se ha reconstruido la mayor parte de los edificios en los extremos del complejo con el fin de que los turistas puedan visualizar cómo lucían originalmente.
Lo primero que se debe hacer con la lámpara es apagar su interruptor o desconectarla.
Gana el jugador que alcanza la menor cantidad de golpes, o golpes de palo, para terminar el recorrido.
OTRAS CASOS
Me causa felicidad que haya personas dispuestas a brindarme su apoyo.
No olvide que, básicamente, usted está visitando un lugar que ofició de fosa común y que también es un sitio de un significado prácticamente invaluable para una parte importante de la población del mundo.
Son superiores a los servidores proxy por varios motivos: redirigen todo el tráfico de Internet y no únicamente los http.
Los resultados del cruce de razas de llamas clásicas y lanudas son impredecibles.
No obstante, no debería preocuparse por esto ya que, con frecuencia, los turistas se mezclan entre sí para completar los automóviles.
Escuchamos a nuestros consumidores y anticiparnos a sus necesidades en un servicio excelente y mejores productos.
Los Diccionarios y el Libro de Frases contienen todas las palabras y frases necesarias para sentirse como en casa durante cualquier viaje.
dolor ardiente
La extracción de petróleo está disminuyendo en 33 de los 48 principales proveedores de petróleo.
Se repatrió por motivos disciplinarios a un total de 123 militares y 1 agente de policía procedentes de siete países.
Durante la visita a monasterios, las mujeres deben vestir faldas que cubran las rodillas y no pueden llevar los hombros descubiertos.
Historia de la Real Fábrica de Tabacos de Sevilla.
Los vestidos largos se han puesto de moda este año.
Uno de los logros más importantes del programa de democratización ha sido la introducción de un sistema de partidos políticos.
ganadería
Muchos Idiomas
Huhne ha renunciado, y Ed Davey MP lo reemplazará en el gabinete. Se espera que Norman Lamb MP asuma el puesto de ministro de negocios que Davey deja vacante.
Asesoró a Carter en materia de política exterior en las elecciones de 1976. Posteriormente, trabajó como asesor de seguridad nacional (ASN) entre 1977 y 1981, luego de Henry Kissinger.
Manera rápida y fácil de utilizar la traducción automática.
Si no tiene una plancha a disposición, o si no quiere usar medias planchadas, puede intentar con un secador de pelo, si estuviera disponible.
El 25 de enero, Curtis Cooper, matemático y profesor de ciencias de la informática en la Universidad de Central Misuri, descubrió el mayor número primo que se haya conocido.
Extienda su funcionalidad de la aplicación
observar el comportamiento de los gorilas
México adoptó la reforma de su ley forestal en 1986.
Ma, oriunda de Hong Kong, se formó en la Universidad de Nueva York y en la Escuela de Leyes de Harvard y alguna vez contó con una «tarjeta verde» de residente permanente en los Estados Unidos.
Otras Aplicaciones
Quiero menos horas.
Pero la ley ahora me requiere para hacer dos cosas.
Es hora de irse.
Sudáfrica venció a los All Blacks, de Nueva Zelanda, en un partido de rugby de las Tres Naciones, en el estadio Royal Bafokeng, en Rustenburg, Sudáfrica.
Tan solo en una ocasión hemos dedicado un editorial nuestro a un artículo periodístico.
Por mucho que Arabia Saudita no sea el Islam y no represente a los musulmanes, Israel no es el pueblo judío ni lo representa ni debería representar la religión judía.
Uno de los eventos fue la Batalla de Nueva Orleans.
Este caso hace recordar mucho al famoso caso Watergate, ocurrido en Washington, Estados Unidos, en junio de 1972
Kublai Khan estableció la dinastía Yuan en 1271.
Mezcla la harina integral, el cilantro, la cáscara de limón y la canela en un bol.
¿Cuánto cuesta el alquiler al mes?
el sector privado
En el juego moderno, la mayoría de los equipos emplean a dos o tres centrales delante del portero.
Por ello, los permisos de travesía para toda fecha de inicio dentro del mes de mayo estarán disponibles a partir del 1 de enero.
Teorema que establece que la ecuación xn + yn = zn, en la que n es un entero mayor de 2, no tiene solución con enteros positivos.
Traducción de una gran cantidad de textos.
evento
Soy vegano.
Integre en 15 minutos
El pistón no entra en contacto con la tapa del cilindro
Estados Unidos actúa como una fuerza terrorista en el Medio Oriente.
Cree nuevos productos impresionantes
Si bien se pueden reservar permisos para estacionar directamente desde la estación de guardaparques en Puerto Jiménez, no se puede abonar con tarjeta de crédito.
Soluciones de Traducción Automática para cualquier Caso de Negocio
Contáctenos y ayudaremos su negocio a crecer a escala global
El resultado del análisis de rastreo se dará a conocer en un sitio web de acceso libre.
Sus adeptos se proponen adoptar ciertas formas de vida o prácticas cuyo objetivo es nutrir esas experiencias.
Una cadena montañosa protege el valle de los vientos del norte.
Los candidatos tienen la facultad de enviar representantes para controlar cada etapa del proceso y, durante la noche, los voluntarios computan los votos bajo una rigurosa supervisión y de conformidad con procedimientos específicos.
De allí surgieron los flagelos de Delhi Belly, la maldición del faraón y la vendetta de Monteczuma y sus muchss amistades.
La invasión de anglicismos aún no había comenzado en 1945, una suposición común en sentido contrario.
Pueden rehabilitarlo, podría ser un miembro valioso de la sociedad
Los rayos no caen dos veces.
huevos revueltos
Deberíamos aplicar medidas severas para la crisis económica.
Dime dónde puedo
No hagas nada todavía.
ESTA ES MI RECETA FAVORITA DE GALLETAS DE JENGIBRE
También pueden presenciarse otros torneos y partidos inferiores en otras partes del año.
Como ve, un turbo usa gases residuales para forzar el aire en el motor de manera más eficiente.
Servidor Local
Muchas plantas florecen en primavera.
Una parte importante es la religión falsa
El catalán y el español son los idiomas oficiales de Barcelona. Aproximadamente la mitad de su gente prefiere hablar el catalán, la gran mayoría lo comprende y prácticamente todos saben español.
cruzar la calle
Estoy ciego.
El deporte nacional de Bután es el tiro con arco, y regularmente se organizan concursos en la mayoría de las ciudades.
No estoy vacunado.
El traductor traducelo al instante en el idioma eligido.
En los mares de coral entre Borneo, Sulawesi y Filipinas, hay personas que viven más íntimamente con el océano que cualquier otra cultura del mundo.
Contáctenos ahora
Las primeras especies en levantar vuelo fueron los insectos. Esto los ayudó a evadir a sus enemigos más fácilmente y a encontrar alimento y pareja de forma más efectiva.
En 1967, la Organización de Cooperación y Desarrollo Económicos (OCDE) preparó un proyecto de Convención sobre la protección de los bienes extranjeros.
¿Sabes cómo funciona un motor de combustión interna?
Una de las prioridades de la política exterior de Turquía con respecto a la región es mantener abiertos los canales de diálogo con todas las partes y trabajar a favor de una política activa de participación.
Vaya, eres un coñazo cuando estás deprimida.
El jardín está rodeado por varios restaurantes y, por las tardes y por las noches, se suelen ofrecer conciertos gratuitos desde la glorieta central.
También se han realizado cambios en la selección de los jueces que participan en la administración electoral para reducir la influencia política.
Debemos aprender a vivir en armonía con la naturaleza.
¿Dónde está la jaula de los loros?
Yo estaba en el equipo de lucha cuando estaba en la universidad.
Instalación Fácil
El mundo de la agricultura se beneficia de la innovación del sector cafetero.
Los medios electrónicos son medios que utilizan la electrónica o la audiencia electromecánica para acceder al contenido.
No puede hacerlo.
Alcance de la Solución
La infancia es una etapa de la vida en la que las personas adoptan una gran proporción de sus hábitos alimenticios.
El movimiento democrático chino, los activistas sociales y algunos miembros del Partido Comunista de China creen en la necesidad de una reforma social y política.
Marcó 2 goles y 2 asistencias en el triunfo por 5 a 3 de Washington sobre los Thrashers de Atlanta.
Se aplica en muchos ámbitos, también en los medios de comunicación.
Párese aquí.
Instó a elaborar los programas necesarios para vigilar y tal vez predecir la variabilidad climática.
Una pareja podría concluir que criar a un bebé no sería lo más conveniente para ellos o para el niño.
Las características diferenciales entre llamas y alpacas incluyen el tamaño más grande de la llama, la cabeza más larga y las orejas curvas.
Traductor de Lingvanex facilita estar al tanto de los medios digitales globales: te permite traducir instantáneamente textos, voces, imágenes, sitios web y documentos a varios idiomas.
"Otra autora que se ha subido al tren del hygge, Helen Russell, ha escrito un libro con el seductor título "The Year of Living Danishly: Uncovering the Secrets of the World's Happiest Country.
engranaje
El fútbol es el deporte nacional de los Países Bajos
Todos podemos alcanzar la iluminación. Lo único que obstaculiza el camino es nuestra tensión y negatividad.
Traduzca textos, HTML, archivos (txt, PDF, MS Word, Excel, Powerpoint, etc.), audios en 109 idiomas con la mejor calidad en su clase basada en AI.
3. Los productos de la apicultura solo podrán venderse con referencias al método de producción ecológico cuando las normas de producción ecológicas se hayan cumplido durante un año por lo menos.
¿Puedes escribirlo para mí?
En el puerto de Waitemataas se despliegan las playas de Tamaki Drive, en los extravagantes barrios de Mission Bay y St Heliers, en la región central de Auckland.
Mennad trabajaba en la industria del petróleo y el gas
Kit de Prensa
Europa es un viejo continente con una larga y rica historia.
Mi hijo practicará distintos deportes.
Equipos nuevos
¿Lista para Empezar?
No hay mayores problemas relacionados con el balance de pagos, la deuda externa, la tasa de cambio o la inflación.
LAS SELVAS TROPICALES PRODUCEN OXÍGENO Y CONSUMEN DIÓXIDO DE CARBONO.
INTEGRACIÓN EN SERVICIOS
Tengo algo muy chulo que enseñarles.
Hamlin ocupa la posición número tres con veinte puntos menos, pero con cinco más que Bowyer. Kahne y Truex, Jr. están en quinto y sexto lugar con una puntuación de 2220 y 2207, respectivamente.
Hasta el miércoles en la tarde, aún había pérdidas en las rejillas de ventilación del tanque, probablemente a causa de la expansión térmica en su interior.
Pasados cinco minutos del inicio del espectáculo, se desató un viento que, aproximadamente un minuto después, había alcanzado los 70 kilómetros por hora (...) luego llegó la lluvia, pero tan fuerte y tan densa que perforaba tu piel como una aguja. A continuación, cayó granizo del cielo; la gente, aterrorizada, gritaba y corría por encima de otros.
Control de la calidad de la traducción.
Soy alérgico a
colapso del comunismo
La salsa se prepara con orégano, albahaca, ajo y aceite de oliva.
Algunos países imponen castigos excesivamente draconianos, con penas de hasta 10 años o la muerte, incluso hasta para quienes cometan un delito por primera vez.
cobertura.
Sin embargo, uno debe saber como usar esta bendición.
"En el menú que aparece, seleccione "Traducir este mensaje.
Las funciones texto a voz están disponibles de manera predeterminada.
Animales con sobrepeso sufren de artritis, problemas en piernas y pies.
En países desarrollados, es poco frecuente escuchar niveles parecidos de reclamos sobre la calidad del agua o el derrumbe de puentes.
La mayor movilidad geográfica ganada por el capital ha acentuado la competencia dentro del proletariado a nivel internacional.
enfermedad tiroidea
anticristo
Los medios de comunicación emiten imágenes falsas y clichés negativos sobre la vida diaria en esos países.
Se estima además que es uno de los fundadores del arte dramático profesional en el país.
En el ensayo PALM, la función de Zmapp fue de control, es decir, que los científicos lo utilizaron como base y compararon con él los otros tres tratamientos.
¡Intentará entenderle y responderle!
Diccionario con muchas traducciones y significados alternativos de una palabra.
Se suponía que la sociedad era armoniosa, equilibrada, luego los judíos intervinieron, la distorsionaron.
Se acerca un tsunami, así que esté alerta.
Debajo del puente hay un espacio libre de 15 metros y, si bien su construcción fue terminada en agosto de 2011, no se habilitó para el tránsito sino hasta marzo de 2017.
Se trataba de descubrir una metodología divina en el arte y la arquitectura.
Las inspecciones en los puestos de control de seguridad se han vuelto más invasivas con posterioridad al 11 de septiembre.
Movimiento de Derechos Civiles
El chimpancé es un animal amigable e inteligente que puede imitar y aprender muchas cosas rápidamente.
Porque la calidad de nuestros productos refleja nuestra reputación y prestigio como fabricante
Puede escuchar la traducción o el texto seleccionado
Está hecho de ladrillos blancos, justo en medio del green del pueblo.
La segregación y la recombinación barajan la variación entre uno y otro generación tras generación.
estación lluviosa
El mes pasado, Irán vivió una de sus peores catástrofes aéreas en años cuando un avión de línea con dirección a Armenia se estrelló, causando el deceso de los 168 pasajeros a bordo.
En 1631 Oughtred introdujo el signo de multiplicación (×) su signo de proporcionalidad, y las abreviaturas sin y cos para las funciones seno y coseno.
pescado
El teorema se deriva del hecho de que las funciones holomorfas son analíticas.
El queso tiene un sabor salado y un rico aroma.
destornillador
Sírvanse indicar para qué delitos prescribe la ley la pena capital.
Según cuenta la historia, en 1649, Zhabdrung Ngawang Namgyel construyó la fortificación con el propósito de conmemorar su triunfo contra el ejército tibetano-mongol.
Por lo general, la repavimentación de la pista no requiere necesariamente el cierre del aeropuerto.
Pero esta es una isla verde en medio del desierto
Historia, tradición, cultura no son conceptos.
deuda externa
El ministerio se pronunció en relación al retraso en el informe de Apple, diciendo que era algo «verdaderamente lamentable».
Inmensos bloques se desprenden y caen de los bordes de los glaciares y, a veces, saltan o ruedan más lejos del borde.
El dispositivo original fue la primera consola de videojuegos ofrecida por una empresa estadounidense
los indígenas
Por el momento, no se sabe qué cargos se imputarán o qué condujo a las autoridades hasta el niño, pero se ha dado inicio a procedimientos penales de menores en el tribunal federal.
EN JULIO SE DETUVO Y ACUSÓ A TRES PERIODISTAS DEL PERIÓDICO RAI.
Para ilustrar este punto, basta remitirnos a nuestra experiencia actual con todos los programas televisivos que se enfocan en el aprendizaje, y bricolaje y presentación de información.
armas químicas
medir
Este país es un país de derecho y derechos humanos.
La exalcaldesa de San Pablo, Marta Suplicy, fue la redactora del primer proyecto de ley, el que, actualmente, y luego de sufrir algunas modificaciones, se encuentra en poder de Roberto Jefferson.
El periodista escribió el artículo en menos de una hora.
Empleo
Esto puede hacerse en un automóvil común con un cauteloso planeamiento, pero lo más recomendable es hacerlo en una 4x4; además, hay muchos lugares a los que solo se puede acceder con una 4x4 con amplia distancia entre ejes.
Se están produciendo disturbios en todo el país para protestar contra la guerra.
Si únicamente desembarca durante excursiones a bordo, no es necesario contar con una visa por separado (desde 2009).
Quiero comprar
HE MACHACADO UN POCO DE AJO FRESCO EN LAS PATATAS.
Unión Económica y Monetaria
¿Dónde puedo cambiar hryvnyas?
Visualización de las ventanas de las variables, con su valor actual en formato carácter o hexadecimal
El microprocesador Motorola 6800 fue el primero por el cual se hizo ampliamente conocido un HCF mnemónico de ensamblaje no documentado.
Obtenga la traducción de voz directamente en los AirPods.
El mismo mes, otro avión de pasajeros sobrepasó una pista en Mashhad y colisionó contra una pared, dejando 17 muertos.
Los submarinos son naves diseñadas para desplazarse y permanecer por bajo del agua durante un largo período de tiempo.
Si un jinete es despedido del caballo, pero le queda un pie atorado en el estribo, puede ser arrastrado si el animal huye. Para reducir el riesgo, existe una serie de recaudos de seguridad.
esquina
un proceso de paz
AGRICULTURA.
invadir
emisiones de dióxido de carbono
sector público
Mi marido es un experto a la hora de cocinar comida china.
El precio comienza desde $100 al mes.
La cafetera está en el mostrador.
recoger
Los suelos solían estar cubiertos con paja o tallos secos de varias plantas.
Más tarde, la teoría instauró la idea de que el pueblo maorí había emigrado desde Polinesia, a bordo de una Gran Flota, y que despojó a los Moriori de Nueva Zelanda, instalando allí una sociedad agrícola.
Sabes que la ciencia también proviene de la experimentación.
derecho común.
Quiero alquilar un avestruz.
ser declarado culpable
Los criminales se apuraron a esconder las drogas antes de que llegara la policía.
Solo los efectos de la catastrofización, no de la depresión o del miedo, estaban condicionados a sesiones de AF estructuradas, semanales y regulares.
Adam Cuerden, administrador de Commons, expresó su frustración por las eliminaciones en una declaración que hizo a Wikinwes el mes pasado.
no tenemos más remedio que confiar el uno en el otro
Anfitriona del evento deportivo en 1964, Tokio será la única ciudad asiática en haber sido sede de dos Juegos Olímpicos de verano.
Conquista normanda
Hornear a 180 ºC hasta que estén dorados, espolvorear con azúcar en polvo y consumir fríos.
Aplicaciones móviles, de escritorio y web para traducir textos, voz, archivos
Se trataba de jugar los unos contra los otros.
No quiero hacer esto.
Una vez descartado como lenguaje artificial, el esperanto se ha ganado el respeto de una nueva generación de lingüistas, como el idioma planificado más exitoso de todos los tiempos.
En los últimos tres meses, se liberaron más de 80 detenidos de la Reserva Central sin una acusación formal.
Están incluidos los Países Bajos, con Anna Jochemsen, quien ayer obtuvo la novena plaza en la categoría femenina en el Super-G, y Finlandia, con Katjia Saarinen en el décimo lugar en el mismo evento.
La calidad de la retracción de la banda constituye el elemento esencial para garantizar para garantizar un tratamiento depilatorio eficaz y suave.
Entonces después de eso, agregamos todos los vegetales y ya que estén un poco cocinados, agregamos al final el queso y ahí le apagamos al sartén para que con el calor que queda en el sartén, el queso se derrita.
El termoplástico de poliuretano es de fórmula general (I), (1f500; 1f'15; R y R' alquilo or arilo) y X es de fórmula (II), (2n140; 1(n+n')51).
El gobierno actual tiene dos años para adoptar esta ley.
En particular, el período de vigilancia se prolongará en caso de que se detecte un nuevo caso de enfermedad en el rebaño.
Los ex líderes políticos y militares turcos reconocen hoy que las políticas equivocadas han exacerbado el problema.
Ahora está listo para traducir.
El orbitador lunar sin tripulación, Chandrayaan-1, expulsó su Sonda de Impacto Lunar (MIP), que se precipitó en la superficie de la Luna a 1,5 kilómetros por segundo (3000 millas por hora) y aterrizó estrellándose con éxito cerca del polo sur del satélite natural.
Producto del Año
Necesitas un cuchillo muy afilado para cortar una fresa madura.
Para traducir un mensaje de audio, dicta o añade un archivo de audio.
Ningún niño debería tener que crecer, jamás, en un entorno en el que no haya cariño, cuidados y educación; pero sucede.
El día del análisis, será de ayuda que su hijo lleve una camisa de mangas cortas para facilitar la tarea del personal encargado de la extracción de sangre.
Al ser un estado en que el ganador recibe todo, Florida asignó sus cincuenta delegados a Rommey, lo que lo impulsó como principal candidato para la nominación del Partido Republicano.
Mi hijo está enfermo.
¡Por favor, para!
La única estación de guardaparques que ofrece alojamiento en habitaciones y alimentos calientes aparte del campamento es Sirena. No así en La Leona, San Pedrillo y Los Patos, donde solo ofrecen acampar, sin servicio de comida.
Se están realizando muchas obras en estos días.
Podemos hacer traducciones específicas de un dominio, añadir nuevos idiomas o glosarios personalizados
Mi hijo necesita ayuda.
Los expertos siguen divididos sobre los peligros potenciales que pueden plantear estos medicamentos recetados comunes.
El aloe vera ha sido ampliamente cultivado como planta ornamental.
jugar al tenis
Los panqueques se comen con miel.
Esquiar
dolor agudo
Estos declives ásperos fueron hallados por toda la superficie lunar y lucen mínimamente erosionados, lo que supone que los fenómenos geológicos que le dieron origen fueron bastante recientes.
La educación religiosa está prohibida en una escuela pública.
Los cerezos están a punto de florecer
prueba rápida
Llamaremos a un experto para colocar la mampostería.
Ello se volvió en una práctica habitual, aunque el hierro provocó un mayor desgaste en las ruedas de los vagones, hechas de madera.
Go! Running Tours, sucesora de Global Running Tours, conecta en cuatro continentes a docenas de proveedores de visitas guiadas al trote.
Chambers, agnóstico, alega que su reclamo «no tiene mérito» y que «cualquiera puede demandar a cualquiera».
Elija un imagen o foto y obtenga la traducción del texto en un clic.
Durante esta fase de la historia de Europa, la iglesia católica, que había acumulado riqueza y poder, fue cuestionada.
materia prima
Los helicópteros rescataron a los doce miembros de la tripulación, y la única lesión fue una fractura de nariz.
Tu ginecólogo también es una excelente fuente de información acerca de la anticoncepción y las enfermedades de transmisión sexual.
La formación profesional de los empleados de este sector tendrá que ser organizada a gran escala.
La Copa Mundial
Después del terremoto ocurrido en 2010, las fuerzas de paz de la ONU llegaron a Haití y se les culpa de expandir la enfermedad, puesto que los primeros casos se registraron en las cercanías del campamento de sus tropas.
Podemos quedarnos con ella hasta que encuentre curro.
Durante su vuelta de estrada en calor, Lenz cayó de su bicicleta y fue luego arrollado por su compañero, Xavier Zayat.
Cuando el empleado llegó, el departamento explotó.
El JAS 39C Gripen impactó contra una pista cerca de las 9:30 de la mañana hora local (0230 UTC) y explotó, lo que causó el cierre del aeropuerto para vuelos comerciales.
Más de 200 compradores
El Servicio de Parques (MINAE) no otorga permisos de ingreso con más de un mes de anticipación a la fecha de arribo prevista.
Cuando los animales reciben dosis bajas de antibióticos para mejorar el crecimiento, los gérmenes pueden volverse resistentes a los medicamentos.
En el sitio de la Asociación Argentina de Polo obtendrá información sobre los torneos y dónde comprar boletos para los partidos de polo.
La gente criticó duramente a la Torre Eiffel durante su construcción
El camaleón cambió su color.
Además de las leyes mencionadas anteriormente que definen los aspectos fundamentales de la legislación penal, la Ley de procedimiento penal destaca la intención de proteger los derechos del acusado con normas jurídicas que permitan probar el delito y pronunciar la sentencia justa.
tribunal civil
Consideremos el problema de encontrar un número positivo x tal que cos(x) = x3.
Esto también puede tomarse prestado de las prendas disponibles al ingresar, pero esa ropa no se lava después de cada persona que la usa, por lo que es podría no sentirse cómodo usando estas faldas. ¡Una talla única para todos los hombres!
Hiroshima y Nagasaki
escuchar la música
Ayudará en una situación difícil
¿Estás cansada?
El ministro presidencial, Rodrigo Arias anunció: «Arias dio positivo en un caso leve del virus».
Queremos dar un paseo.
mecanismos sencillos
Las regulaciones de importación se han relajado recientemente.
Traducción durante una conferencia multilingüe
Este problema cada vez es menos importante gracias a que los fabricantes de lentes logran estándares más altos en su producción.
Los éxitos demostrados allí llevaron a un consenso para avanzar hacia el modelo de mercado para toda la economía.
El Comité Ejecutivo efectúa un seguimiento mensual de dicho margen.
Ahora funciona como la plaza central, donde siempre suceden cosas, tanto de día como de noche.
Después de que hierva, la pasta se debe colar.
Ahorra 15%
¡Buen tiro!
Traducciones de teclado
Luego de reconquistar Danelaw, Inglaterra había disfrutado de un prolongado período pacífico.
Compare los medios de comunicación unidireccionales como la radio y la televisión con los bidireccionales como la correspondencia e Internet
Anatomía y Fisiología Humanas
El barco, una nave minera de clase Avenger de contramedidas, se dirigía rumbo a Puerto Princesa, en Palawan.
Argelia fue colonia francesa entre 1830 y 1962.
ramo de flores
Las áreas de economía, financiamiento público y derechos de propiedad, y organización del poder, especialmente el poder judicial, se hicieron con mucho cuidado.
La c y la g son las letras con las que se debe estar más atentos, dado que se pronuncian de diferente forma dependiendo de la vocal que les sigue.
Se están incluyendo tecnologías que usan la energía eficientemente en el diseño y la construcción de edificios públicos.
Los ladrillos de concreto están disponibles en muchos colores y como ladrillos de ingeniería hechos con cemento Portland resistente al sulfato o equivalente.
Las plantas crecen.
Esto dicta un tamaño del núcleo de cada zona de 200 km x 200 km.
Salvo que sea diplomático, tener un empleo en el extranjero implica que deberá declarar el impuesto sobre la renta en su país de residencia.
En Canadá, los residentes oriundos de Groenlandia se llaman a sí mismos inuit y, en Groenlandia, kalaalleq (plural de kalaallit); es decir, groenlandés.
Los hombres de Stark se desplegaron a lo largo del vallado en el extremo norte de la ubicación de los colonos.
La adolescencia es un período de transición entre la niñez y la edad adulta.
trastorno bipolar
Quiero
¿Dónde está el outlet?
Zayat no resultó herido en el accidente.
El cardamomo verde es una de las especias más caras en peso, pero se necesita poco para impartir sabor
CONSEGUIR UNA OFERTA FANTÁSTICA
La exposición, dedicada a la historia del pueblo albanés, presenta objetos, obras de arte, muebles y otros artículos.
Los partidos de nicho son un tipo de partido político que se desarrolló sobre la base de la aparición de nuevas divisiones y problemas en la política, como la inmigración y el medio ambiente.
En Inglaterra, las vías de tren ya se habían instalado hacia el siglo XVI.
En el año 1066 fue promulgada la Carta Magna que consistió en un código de leyes y derechos individuales.
Los datos neurobiológicos ofrecen evidencia fáctica para un enfoque teórico de la investigación de la cognición. Reducen, por tanto, el campo de investigación y le confieren mayor exactitud.
Charles fue el primer miembro de la familia real británica en obtener un título universitario.
La recomendación supone que los viajeros no roban, violan la propiedad privada, participan en el mercado ilegal, mendigan o de algún otro modo explotan a otras personas en beneficio propio.
Pesonalización del botón de la barra de herramientas
¿Sufre alguna enfermedad?
Jon von Tetzchner, director ejecutivo de Vivaldi Technologies
No puedo seguir el ritmo de estos cambios de moda.
anticuerpos
Sra. Anders, gracias por venir.
Muéstrame en el mapa.
DIRECTOR DE MARKWORKS (EE.UU.)
¿Cuánto cuesta?
El impacto de volver a casa se produce antes que el cultural (no existe un período de felicidad de «luna de miel»), tarda más en irse y puede ser más duro.
Tampoco la Oficina Meteorológica de Islandia reportó actividad sísmica en Hekla durante las pasadas 48 horas.
Los supermercados reciben cada vez una mayor variedad de alimentos preparados. Algunos, hasta ofrecen un microondas u otros medios para calentar la comida.
¡Obtenga acceso gratuito para nuestros soluciones!
¿Podría repetirlo?
3.1.2.1. fotografías de las partes delantera, trasera y laterales del vehículo tomadas desde un ángulo de 30° a 45° con respecto al plano longitudinal mediano vertical del vehículo
Vas a estar bien.
Él reportó ver un búfalo, cabras, grullas y otros animales.
Soy el mejor atleta del mundo.
Esto significa que nadie tiene acceso a los datos de su negocio.
papel higiénico
La esgrima, deporte moderno, se practica a niveles muy variados, desde estudiantes que ejercitan en la universidad hasta olimpiadas y competiciones profesionales.
Escribió un libro autobiográfico en 1998.
La ardilla se mete en el árbol para esconderse del búho hambriento.
Nuestra zona de exportación libre ofrecerá ventajas generosas a todas las preocupaciones financiadas por capital extranjero.
Cogí una hermosa mariposa.
La formación permite un mejor conocimiento de software y volver en detalle en las opciones avanzadas, tales como SQL Server, que me permitirá ser más independientes en caso de problemas técnicos.
A pesar de los precios bajos, la industria papelera sigue siendo una salida atractiva para las fibras cortas de lino, ya que puede absorber grandes volúmenes y no exige fibras de gran calidad.
La Iglesia romana y la Inquisición fueron intolerantes con cualquier opinión diferente tanto en el área espiritual como física.
En las tiendas de cada esquina hay una enorme y confusa variedad de tarjetas de telefonía prepagas que pueden utilizarse en teléfonos públicos o comunes.
En la iglesia mucha gente se arrodilla para rezar.
datos científicos
La forma más rápida y cómoda de empezar a trabajar con la traducción automática.
Tenemos un accidente en el sitio de construcción.
No importa si ganamos el juego o no.
La pastelería alemana es de buena calidad y, en Baviera, los pasteles son bastante sabrosos y variados, semejantes a los que preparan en Austria, su vecino del sur.
Hay botas con tachuelas y existe un accesorio adicional con tachuelas para condiciones resbaladizas, que se adapta a casi cualquier calzado, tanto para los tacones como para la suela.
La pared interna del intestino delgado está cubierta con millones de proyecciones microscópicas, en forma de dedos, llamadas vellosidades.
Tengo pasaporte internacional.
Estimación de la calidad del modelo.
El balón se tira a la suerte y el equipo que lo tenga comienza.
El pH neutro no produce cambios de color ni ataques en la superficie de cobre o plata.
Nuestros soluciones funcionan en plataformas móviles, de escritorio, web y de servidor para traducir en todas partes
Esta página es de acceso sencillo, ya que tiene una única dirección web, lo que hace que aquellos estudiantes que pudieren tener problemas para usar el teclado o para deletrear puedan recordarla y escribirla con facilidad.
Michael Schumacher abandonó la carrera no mucho después de Alonso, a causa de una avería en la suspensión, producto de las numerosas batallas durante la carrera.
La selva tropical
lanzar un cohete
Guru Nank (1469- 1569) fundó la religión en el siglo XV y le siguieron, de forma sucesiva, otros nueve gurúes.
certificado de nacimiento
Parte de las precipitaciones contaron, además, con tormentas eléctricas y numerosos relámpagos.
Pekín será anfitriona de las ceremonias de apertura y clausura y de los eventos sobre hielo que se realicen bajo techo.
Nadar
En el camposanto, hay interesantes esculturas de mármol con forma de paloma sobre algunas tumbas.
El principal testigo, Giovanny Vásquez, renunció a su testimonio su testimonio, diciendo que era parte de un montaje planeado en la fiscalía general.
El Partido de la Alianza fue el partido político gobernante en Fiji de 1966 a 1987.
Nueva Zelanda es el hogar de muchas plantas y animales únicos
Trump está siguiendo los pasos de sus predecesores en lo que respecta a la guerra en el Medio Oriente.
Utilizamos la inteligencia artificial y las últimas investigaciones científicas para proporcionar la mejor calidad de traducción
Debería juzgárselo de forma diferente si hubiera extraviado las llaves de su propio automóvil y fuera este al que intentaba ingresar.
En la sociedad actual, los medios de comunicación alientan a los jóvenes a luchar por el éxito.
Kukicha tiene un sabor dulce ligeramente cremoso y ligeramente a nuez
Ingeniería, Fabricación y Construcción.
Ayuda a resolver los problemas de negocios urgentes con extranjeros
No almacenamos los datos de la conversación.
Cu = capital utilizado = S C/(1 - I) ** A (el sistema calcula el total de la fórmula utilizando los costes o ingresos planificados en el curso de los años)
Ven más luz del día que cualquier otro animal en el mundo.
Entre las demás nominaciones se encuentran Mejor película, Mejor director, Mejor cinematografía, Mejor diseño de vestuario, Mejor edición de películas, Mejor partitura original, Mejor diseño de producción, Mejor edición de sonido, Mejor mezcla de sonido y Mejor guion original.
Todos animales que originariamente llegaron a las islas vinieron a este lugar nadando, volando o flotando.
Ir a
El desarme y la no proliferación están interrelacionados, especialmente en lo que respecta a las armas nucleares.
laguna
sitio de construcción
No cierres la puerta.
pobre en materia grasa
Debe elegir cuidadosamente su alianza aérea de viajero frecuente.
Concluyó esto en base al gran número de comentarios positivos y alentadores de parte de mujeres y hombres instando a que los medicamentos anticonceptivos fueran considerados como una necesidad sanitaria.
A veces también afectaban al posible apoyo del gobierno al sector agrícola.
Gramo
Si se anima a experimentar una mayor aventura, aproveche la oportunidad de tomar jugo o de mezclar algunos de los batidos:
Por ejemplo, si está planeando preparar un postre con el niño, incluya en la caja una receta, un libro de cocina, un rodillo para amasar y paños para sujetar recipientes calientes.
En reconocimiento al desarrollo de una solución de Al destacada que responde a problemas de negocios reales
Mi hermano juega rugby.
Beber té es un pasatiempo estrechamente asociado con los ingleses.
Conforme a RGPD y CCPA.
Seleccione cualquier texto, frase o palabra en un sitio web.
MONTENEGRO es el actual campeón de Europa en este deporte
El delincuente salió de la cárcel en libertad condicional.
Trabajó en la fábrica de un metal de reciclaje Produciendo dispositivos eléctricos.
Por este motivo, usted debería pensar traer consigo algún instrumento musical, o elementos deportivos o de algún hobby que le interesa.
En 2013, el gobierno británico calificó el asesinato de un militar en una calle de Woolwich como un ataque terrorista
declaración de guerra
Sus grandes ventanas de cristal y sus delgados muros no podrían haber resistido un ataque decidido por demasiado tiempo.
Dado el alto desempleo, la medida podría ejercer presión adicional sobre el gobierno para mejorar las perspectivas económicas.
La agricultura orgánica es un método para cultivar plantas (granos, legumbres, frutas) sin productos químicos.
Los albores del siglo veinte trajeron consigo una revolución artística que afectó a la forma de concebir el arte.
«Actualmente, tenemos ratones de cuatro meses de edad que antes solían ser diabéticos y que ya no lo son», agregó.
El juego se pospuso hasta el próximo domingo.
enviar ayuda de emergencia
Además, los evangélicos constituyen minorías considerables en las iglesias protestantes y anglicanas tradicionales.
El gobierno debería invertir más dinero en la industria
historial de discapacidad
Los animales como ese se manipulan fácilmente.
Los tornados desarraigan árboles, arrancan paneles de los edificios y lanzan vehículos al cielo. El 2 % más agresivo de los tornados dura más de tres horas.
Reciben el servicio unas 560 emisoras de todo el mundo, y utilizan el material empresas tan importantes como Sky News, la BBC, la CNN y CCTV.
El resto de los activos y pasivos financieros de la Compañía no están expuestos al riesgo de la tasa de interés.
Para obtener asesoramiento o autorizaciones y realizar reclamos, deben exhibir el correo electrónico de la aseguradora y sus números de teléfono internacionales.
Aumentar
Tampoco se requiere que obtenga un número local del lugar en donde vive; puede recurrir a una conexión a Internet por satélite en las zonas salvajes de Chicken, en Alaska, y elegir un número que señale que usted se localiza en la soleada Arizona.
La Biblia revela que es bastante diferente de las deidades que se encuentran en la cultura popular y la religión convencional.
Vamos a jugar al Minecraft.
Las iglesias más tradicionales suelen ofrecer una Vigilia Pascual el día sábado en la noche durante el fin de semana de la Pascua y, por lo general, las congregaciones dan inicio a las celebraciones por la resurrección de Cristo apenas llega la medianoche.
ordeñar
Si bien existe gran variedad de vinos franceses, los de Nueva Zelanda y Australia podrían considerarse mejores para transportar.
Este tipo de rosa se desarrolló principalmente para la plantación masiva de amenidades.
Háblame de la semana de la moda.
Imagínate que es como cocinar: El uso de diferentes ingredientes y cantidades hace la que comida tenga un sabor diferente.
zona industrial
CORRESPONDENCIA CORPORATIVA
La densidad de población en áreas no silvestres promedió 1.6 osos/100 km2.
La menor diversificación de la economía, la mayor dependencia de las importaciones y los niveles más altos de deuda pública hacen que luchar contra la inflación sea más difícil.
Chat multilingüe
El método más común de fabricación de chapa, produciendo un patrón de grano conocido como catedral.
El abordaje para adquirir conocimiento cambió. La presión ya no apuntaba al recuerdo individual, sino que la capacidad de recordar el texto pasó a ser el foco.
Pero para hacer eso, se necesitará más dinero para mejorar el equipo y las instalaciones técnicas.
JUEGO TERMINADO
Traduzca cualquier archivo hasta 5,000,000 símbolos.
Los motores de traducción han mejorado drásticamente y ahora, con frecuencia, brindan traducciones bastante correctas (y rara vez contenido sin sentido); no obstante, debe tenerse algo de precaución, ya que todavía es posible que fallen.
amnistía
De modo similar, en febrero de 2005 el Reino Unido anunció una financiación de 400 000 libras destinadas a un proyecto de la OTAN, a gran escala y a largo plazo, para la destrucción de APAL, munición y misiles tierra-aire en Ucrania.
Si recolecta «especímenes» durante una visita a un jardín organizado formalmente, provocará que lo expulsen, sin lugar a debate.
Este es un hermoso campo de lavanda en Francia.
especialista en vida silvestre
De vez en cuando, se llevan a cabo excursiones aéreas especializadas que se adentran para practicar montañismo o dirigirse hasta el Polo, en donde hay una base grande.
Mezcla todos los ingredientes en un bol.
Gracias a las innovaciones tecnológicas, la producción máxima de la fábrica se ha duplicado.
Cada vez que cocino espagueti, solo lo cocino con mantequilla, ajo y sal.
fabricar
Entonces, podemos usar la biología sintética para traer plantas de alta ingeniería con nosotros, pero ¿qué más podemos hacer?
Necesito encontrar
Los libros y las revistas acerca de la supervivencia en la naturaleza son comunes, pero las publicaciones que tratan sobre las zonas de guerras son escazas.
Luego de una semana de derrotas en elecciones de medio mandato, Bush dio un discurso a la audiencia sobre la expansión comercial en el continente asiático.
Gran Bretaña extrajo aguas internacionales en sectores completos del océano para bloquear el ingreso de los barcos, poniendo en riesgo, incluso, a embarcaciones neutrales.
El complemento de traductor y diccionario de Lingvanex es una potente herramienta para traducir palabras o frases a 108 de los idiomas admitidos.
Asegúrate de que tengamos suficiente concierto.
A lo largo de la historia, los líderes religiosos se han entrometido en la política
Defiende a todos los agricultores, independientemente de su tamaño o de su sistema de producción.
Calentar
Italia tenía como objetivo primordial a los países africanos. Para capturarlos, precisaría una plataforma de lanzamiento de tropas para que estas pudieran navegar por el Mar Mediterráneo y, así, invadir África.
Saca nuestra pasta de Occidente e inviértelo en Sudamérica.
El juego de arcade fue revisado en la edición de agosto de 1984 de Computer and Video Games, publicado en julio de 1984.
Además del sector bancario, las empresas están interesadas en invertir en el sector energético, infraestructura, industria alimentaria y telecomunicaciones.
El teclado especial le ayudará a traducir el texto cuando escriba.
Lingvanex para iPhone proporcionará la traducción y pronunciará en los idiomas deseados.
JAPÓN ES EL LÍDER MUNDIAL DE LA INDUSTRIA DE ALTA TECNOLOGÍA
Esta región fue borrada del mapa después de un huracán
REFUGIO PARA ANIMALES CALLEJEROS.
El portero de Inglaterra fue criticado por la cantidad de goles que encajó.
Estoy con una familia.
MetroRail cuenta con dos tipos de ferrocarriles suburbanos en Ciudad del Cabo y zonas aledañas: MetroPlus (también conocido como Primera Clase) y Metro (denominado Tercera Clase).
Inglés ley es el sistema legal de Inglaterra y Gales.
La OMS está fortaleciendo la integración de la vigilancia, la prevención y el control de la malaria, la tuberculosis y el VIH/SIDA.
Matamos el tiempo jugando a las cartas.
Quiero que un hombre me examine
Clima: Mayormente tropical, pero más fresco en las tierras altas.
la prensa profesional
Soy de Ucrania.
El sitio web de la estación describe al programa como «un radioteatro de la vieja escuela ¡con un giro inteligente, nuevo y ofensivo!».
Energía cinética
Aquellos que fueron parte durante varias décadas, nos ayudaron a valorar nuestras fortalezas y dedicación, al tiempo que evaluaban con sinceridad las dificultades y hasta los fracasos.
Las fotografías de este proyecto son ahora parte de una nueva exposición en la Galería de Arte del Centro de Confederación.
Estoy buscando
Durante el uso de la applicación puede comunicarse fácilmente con alguien que no sabe su idioma nativo
No me encuentro bien.
Los cafetos se pueden cosechar dentro de los cuatro años posteriores a la siembra.
La ubicuidad del cóctel de gambas ha dado lugar a productos como las patatas fritas con sabor a cóctel de gambas, que siguen siendo una de las variedades más populares de este aperitivo.
Corán
Quiero alquilar un piso.
¿Estarán, quizás, sus bisnietos algún día en la cima de un mundo alienígena haciéndose preguntas acerca de sus viejos antepasados?
Considere la opción de realizarse un examen ocular en su país de origen, sobre si lo cubre el seguro, y luego llevar la prescripción médica para presentarla en cualquier otro destino del mundo.
¿Cómo puedo solicitar este trabajo?
Al haber recibido una respuesta reducida contra esta táctica, Alemania pensaba encontrarse con una reacción similar frente a su guerra submarina irrestricta.
Admito que regular los medios de comunicación es una cuestión muy delicada.
Cuba está profundamente expuesta a los desastres de oriegen natural tales como ciclones, inundaciones, intensas lluvias y fuertes vientos.
Muchos alimentos considerados tradicionalmente europeos están hechos con ingredientes originarios de las Américas.
libertad de prensa
Traduzca sin límites por un precio fijo
En el partido, Nadal acumuló un 88% de puntos netos y ganó 76 en el primer servicio.
Si al intentar prestar ayuda resulta herido, es posible que solo empeore las cosas.
El precio comienza desde $100 al mes y depende del número de idiomas.
Capacitación conjunta en tecnología de armas nucleares, químicas y biológicas
Localización de las descripciones de los productos
Comando/translate práctico
Si se quedan y juegan a los juegos de arcade, la primera ronda en la casa.
El Mosasaurus fue el depredador alfa de su época, por tanto, a nada le temía, excepto a otros de su misma especie.
En la mejor categoría, la contienda entre los B&B se da, por supuesto, en dos servicios: la ropa de cama y el desayuno.
Según informes de los medios locales, las conversaciones hasta ahora solo han llegado a un acuerdo sobre la creación de una unidad para la implementación de la reforma policial.
Catorce escuelas en la costa de Hawái o en el área cercana a ella cerraron completamente el miércoles, a pesar de que se levantaron las advertencias.
El médico puede hacer preguntas acerca de los síntomas y la historia clínica.
Hizo un importante descubrimiento científico.
Mis hijos están conmigo.
Dios hizo al Islam superior a cualquier otra religión.
Estas estrellas comienzan su vida quemando hidrógeno, para producir cada vez más helio.
Los edificios antiguos tienen columnas de madera.
¡Esto es un gran ahorro de tiempo!
Entrenamiento de modelos locales en cualquier proveedor de nube
Para ello, debieron deshacerse de las bases y los barcos británicos localizados en Egipto. Se suponía que, aparte de esas medidas, los acorazados italianos no tenían que hacer nada más.
